........................................................................ [  5%]
........................................................................ [ 11%]
........................................................................ [ 17%]
........................................................................ [ 22%]
........................................................................ [ 28%]
..............s......................................................... [ 34%]
........................s.....................s......................... [ 40%]
........................................................................ [ 45%]
........................................................................ [ 51%]
........................................................................ [ 57%]
........................................................................ [ 62%]
........................................................................ [ 68%]
........................................................................ [ 74%]
........................................................................ [ 80%]
........................................................................ [ 85%]
................................................sssssss.s............... [ 91%]
........................................................................ [ 97%]
...................................                                      [100%]
---------------- shipped ledgers written by tests and restored -----------------
.cache/embeddings.jsonl (created, removed)
governance/events.jsonl
governance/events.jsonl.lock (created, removed)
governance/governance_change_events.jsonl
governance/governance_change_events.jsonl.lock (created, removed)
governance/inference_tasks.jsonl
governance/knowledge_usage.jsonl
governance/llm_metrics.jsonl
governance/reassessment_cases.jsonl
governance/reassessment_cases.jsonl.lock (created, removed)
1248 passed, 11 skipped in 245.66s (0:04:05)
